2026/04/18 03:43:00 logger.go:29: INFO: CUSTOM THEME DISABLED
2026/04/18 03:43:08 logger.go:29: INFO: CUSTOM THEME DISABLED
2026/04/18 03:48:54 logger.go:29: INFO: CUSTOM THEME DISABLED
2026/04/18 03:53:05 logger.go:29: INFO: CUSTOM THEME DISABLED
2026/04/18 03:55:35 logger.go:29: INFO: CUSTOM THEME DISABLED
2026/04/18 03:55:35 logger.go:29: INFO: CUSTOM THEME DISABLED
2026/04/18 03:55:51 logger.go:29: INFO: CUSTOM THEME DISABLED
2026/04/18 03:55:52 logger.go:29: INFO: CUSTOM THEME DISABLED
2026/04/18 03:56:02 logger.go:29: INFO: CUSTOM THEME DISABLED
2026/04/18 03:56:04 logger.go:29: INFO: CUSTOM THEME DISABLED
2026/04/18 03:56:11 logger.go:29: INFO: CUSTOM THEME DISABLED
2026/04/18 03:56:12 logger.go:29: INFO: CUSTOM THEME DISABLED
2026/04/18 03:58:32 logger.go:29: INFO: CUSTOM THEME DISABLED
2026/04/18 04:01:02 logger.go:29: INFO: CUSTOM THEME DISABLED
2026/04/18 04:01:13 logger.go:29: INFO: CUSTOM THEME DISABLED
2026/04/18 04:01:35 logger.go:29: INFO: CUSTOM THEME DISABLED
2026/04/18 04:01:38 logger.go:29: INFO: CUSTOM THEME DISABLED
2026/04/18 04:01:40 logger.go:29: INFO: CUSTOM THEME DISABLED
2026/04/18 04:02:01 logger.go:29: INFO: CUSTOM THEME DISABLED
2026/04/18 04:02:27 logger.go:29: INFO: CUSTOM THEME DISABLED
2026/04/18 04:04:15 logger.go:29: INFO: CUSTOM THEME DISABLED
2026/04/18 04:05:08 logger.go:29: INFO: CUSTOM THEME DISABLED
2026/04/18 04:06:37 logger.go:29: INFO: CUSTOM THEME DISABLED
2026/04/18 04:08:04 logger.go:29: INFO: CUSTOM THEME DISABLED
2026/04/18 04:16:19 logger.go:29: INFO: CUSTOM THEME DISABLED
2026/04/18 04:16:23 logger.go:29: INFO: CUSTOM THEME DISABLED
2026/04/18 04:16:26 logger.go:29: INFO: CUSTOM THEME DISABLED
2026/04/18 04:16:26 logger.go:29: INFO: Killing pid 2962, cmd clipse
2026/04/18 04:16:28 logger.go:29: INFO: CUSTOM THEME DISABLED
2026/04/18 04:16:32 logger.go:29: INFO: CUSTOM THEME DISABLED
2026/04/18 04:16:38 logger.go:29: INFO: CUSTOM THEME DISABLED
2026/04/18 04:22:31 logger.go:29: INFO: CUSTOM THEME DISABLED
2026/04/18 04:22:31 logger.go:29: INFO: CUSTOM THEME DISABLED
2026/04/18 04:22:39 logger.go:29: INFO: CUSTOM THEME DISABLED
2026/04/18 04:22:44 logger.go:29: INFO: CUSTOM THEME DISABLED
2026/04/18 04:22:51 logger.go:29: INFO: CUSTOM THEME DISABLED
2026/04/18 04:22:58 logger.go:29: INFO: CUSTOM THEME DISABLED
2026/04/18 04:22:59 logger.go:29: INFO: CUSTOM THEME DISABLED
2026/04/18 04:24:14 logger.go:29: INFO: CUSTOM THEME DISABLED
2026/04/18 04:24:27 logger.go:29: INFO: CUSTOM THEME DISABLED
2026/04/18 04:26:22 logger.go:29: INFO: CUSTOM THEME DISABLED
2026/04/18 04:27:10 logger.go:29: INFO: CUSTOM THEME DISABLED
2026/04/18 04:27:17 logger.go:29: INFO: CUSTOM THEME DISABLED
2026/04/18 04:29:16 logger.go:29: INFO: CUSTOM THEME DISABLED
2026/04/18 04:29:44 logger.go:29: INFO: CUSTOM THEME DISABLED
2026/04/18 04:30:59 logger.go:29: INFO: CUSTOM THEME DISABLED
2026/04/18 04:31:07 logger.go:29: INFO: CUSTOM THEME DISABLED
2026/04/18 04:31:07 logger.go:29: INFO: CUSTOM THEME DISABLED
2026/04/18 04:31:09 logger.go:29: INFO: CUSTOM THEME DISABLED
2026/04/18 04:31:48 logger.go:29: INFO: CUSTOM THEME DISABLED
2026/04/18 04:33:32 logger.go:29: INFO: CUSTOM THEME DISABLED
2026/04/18 04:33:32 logger.go:29: INFO: CUSTOM THEME DISABLED
2026/04/18 04:33:33 logger.go:29: INFO: CUSTOM THEME DISABLED
2026/04/18 04:49:13 logger.go:29: INFO: CUSTOM THEME DISABLED
2026/04/18 04:50:33 logger.go:29: INFO: CUSTOM THEME DISABLED
2026/04/18 04:53:07 logger.go:29: INFO: CUSTOM THEME DISABLED
2026/04/18 04:59:23 logger.go:29: INFO: CUSTOM THEME DISABLED
2026/04/18 05:00:38 logger.go:29: INFO: CUSTOM THEME DISABLED
2026/04/18 05:01:52 logger.go:29: INFO: CUSTOM THEME DISABLED
2026/04/18 05:04:12 logger.go:29: INFO: CUSTOM THEME DISABLED
2026/04/18 05:11:21 logger.go:29: INFO: CUSTOM THEME DISABLED
2026/04/18 05:15:59 logger.go:29: INFO: CUSTOM THEME DISABLED
2026/04/18 05:16:12 logger.go:29: INFO: CUSTOM THEME DISABLED
2026/04/18 05:16:15 logger.go:29: INFO: CUSTOM THEME DISABLED
2026/04/18 05:16:21 logger.go:29: INFO: CUSTOM THEME DISABLED
2026/04/18 05:16:23 logger.go:29: INFO: CUSTOM THEME DISABLED
2026/04/18 05:16:25 logger.go:29: INFO: CUSTOM THEME DISABLED
2026/04/18 05:16:27 logger.go:29: INFO: CUSTOM THEME DISABLED
2026/04/18 05:17:26 logger.go:29: INFO: CUSTOM THEME DISABLED
2026/04/18 05:18:07 logger.go:29: INFO: CUSTOM THEME DISABLED
2026/04/18 05:20:16 logger.go:21: ERROR: Error decoding JSON for custom_theme.json. Try creating this file manually instead. Err: invalid character '#' looking for beginning of value
2026/04/18 05:20:31 logger.go:21: ERROR: Error decoding JSON for custom_theme.json. Try creating this file manually instead. Err: invalid character '#' looking for beginning of value
2026/04/18 05:20:35 logger.go:21: ERROR: Error decoding JSON for custom_theme.json. Try creating this file manually instead. Err: invalid character '#' looking for beginning of value
2026/04/18 05:20:37 logger.go:21: ERROR: Error decoding JSON for custom_theme.json. Try creating this file manually instead. Err: invalid character '#' looking for beginning of value
2026/04/18 05:23:31 logger.go:21: ERROR: Error decoding JSON for custom_theme.json. Try creating this file manually instead. Err: invalid character '#' looking for beginning of value
2026/04/18 05:23:41 logger.go:29: INFO: CUSTOM THEME DISABLED
2026/04/18 05:23:43 logger.go:29: INFO: CUSTOM THEME DISABLED
2026/04/18 05:24:09 logger.go:29: INFO: CUSTOM THEME DISABLED
2026/04/18 05:24:57 logger.go:29: INFO: CUSTOM THEME DISABLED
2026/04/18 05:26:16 logger.go:29: INFO: CUSTOM THEME DISABLED
2026/04/18 05:29:11 logger.go:29: INFO: CUSTOM THEME DISABLED
2026/04/18 05:29:21 logger.go:29: INFO: CUSTOM THEME DISABLED
2026/04/18 05:29:24 logger.go:29: INFO: CUSTOM THEME DISABLED
2026/04/18 05:29:26 logger.go:29: INFO: CUSTOM THEME DISABLED
2026/04/18 05:29:28 logger.go:29: INFO: CUSTOM THEME DISABLED
2026/04/18 05:30:26 logger.go:29: INFO: CUSTOM THEME DISABLED
2026/04/18 05:32:13 logger.go:21: ERROR: Error decoding JSON for custom_theme.json. Try creating this file manually instead. Err: unexpected EOF
2026/04/18 05:32:14 logger.go:21: ERROR: Error decoding JSON for custom_theme.json. Try creating this file manually instead. Err: unexpected EOF
2026/04/18 05:32:16 logger.go:21: ERROR: Error decoding JSON for custom_theme.json. Try creating this file manually instead. Err: unexpected EOF
2026/04/18 05:32:23 logger.go:21: ERROR: Error decoding JSON for custom_theme.json. Try creating this file manually instead. Err: unexpected EOF
2026/04/18 05:32:25 logger.go:21: ERROR: Error decoding JSON for custom_theme.json. Try creating this file manually instead. Err: unexpected EOF
2026/04/18 05:32:26 logger.go:21: ERROR: Error decoding JSON for custom_theme.json. Try creating this file manually instead. Err: unexpected EOF
2026/04/18 05:33:11 logger.go:29: INFO: CUSTOM THEME DISABLED
2026/04/18 05:33:17 logger.go:21: ERROR: Error decoding JSON for custom_theme.json. Try creating this file manually instead. Err: unexpected EOF
2026/04/18 05:35:05 logger.go:21: ERROR: Error decoding JSON for custom_theme.json. Try creating this file manually instead. Err: unexpected EOF
2026/04/18 05:35:59 logger.go:21: ERROR: Error decoding JSON for custom_theme.json. Try creating this file manually instead. Err: unexpected EOF
2026/04/18 05:36:09 logger.go:21: ERROR: Error decoding JSON for custom_theme.json. Try creating this file manually instead. Err: unexpected EOF
2026/04/18 05:37:07 logger.go:21: ERROR: Error decoding JSON for custom_theme.json. Try creating this file manually instead. Err: unexpected EOF
2026/04/18 05:39:05 logger.go:21: ERROR: Error decoding JSON for custom_theme.json. Try creating this file manually instead. Err: unexpected EOF
2026/04/18 05:39:29 logger.go:21: ERROR: Error decoding JSON for custom_theme.json. Try creating this file manually instead. Err: unexpected EOF
2026/04/18 05:39:35 logger.go:21: ERROR: Error decoding JSON for custom_theme.json. Try creating this file manually instead. Err: unexpected EOF
2026/04/18 05:40:27 logger.go:21: ERROR: Error decoding JSON for custom_theme.json. Try creating this file manually instead. Err: unexpected EOF
2026/04/18 05:40:38 logger.go:21: ERROR: Error decoding JSON for custom_theme.json. Try creating this file manually instead. Err: unexpected EOF
2026/04/18 05:40:44 logger.go:21: ERROR: Error decoding JSON for custom_theme.json. Try creating this file manually instead. Err: unexpected EOF
2026/04/18 05:40:49 logger.go:21: ERROR: Error decoding JSON for custom_theme.json. Try creating this file manually instead. Err: unexpected EOF
2026/04/18 05:40:53 logger.go:21: ERROR: Error decoding JSON for custom_theme.json. Try creating this file manually instead. Err: unexpected EOF
2026/04/18 05:40:55 logger.go:21: ERROR: Error decoding JSON for custom_theme.json. Try creating this file manually instead. Err: unexpected EOF
2026/04/18 05:43:21 logger.go:21: ERROR: Error decoding JSON for custom_theme.json. Try creating this file manually instead. Err: unexpected EOF
2026/04/18 05:44:14 logger.go:21: ERROR: Error decoding JSON for custom_theme.json. Try creating this file manually instead. Err: unexpected EOF
2026/04/18 05:44:21 logger.go:21: ERROR: Error decoding JSON for custom_theme.json. Try creating this file manually instead. Err: unexpected EOF
2026/04/18 05:44:23 logger.go:21: ERROR: Error decoding JSON for custom_theme.json. Try creating this file manually instead. Err: unexpected EOF
2026/04/18 05:44:23 logger.go:21: ERROR: Error decoding JSON for custom_theme.json. Try creating this file manually instead. Err: unexpected EOF
2026/04/18 05:44:25 logger.go:21: ERROR: Error decoding JSON for custom_theme.json. Try creating this file manually instead. Err: unexpected EOF
2026/04/18 05:44:50 logger.go:21: ERROR: Error decoding JSON for custom_theme.json. Try creating this file manually instead. Err: unexpected EOF
2026/04/18 05:46:59 logger.go:21: ERROR: Error decoding JSON for custom_theme.json. Try creating this file manually instead. Err: unexpected EOF
2026/04/18 05:47:08 logger.go:21: ERROR: Error decoding JSON for custom_theme.json. Try creating this file manually instead. Err: unexpected EOF
2026/04/18 05:47:29 logger.go:21: ERROR: Error decoding JSON for custom_theme.json. Try creating this file manually instead. Err: unexpected EOF
2026/04/18 05:49:23 logger.go:29: INFO: CUSTOM THEME DISABLED
2026/04/18 05:49:32 logger.go:29: INFO: CUSTOM THEME DISABLED
2026/04/18 05:49:50 logger.go:29: INFO: CUSTOM THEME DISABLED
2026/04/18 05:50:31 logger.go:29: INFO: CUSTOM THEME DISABLED
2026/04/18 05:51:59 logger.go:29: INFO: CUSTOM THEME DISABLED
2026/04/18 05:53:01 logger.go:29: INFO: CUSTOM THEME DISABLED
2026/04/18 05:54:24 logger.go:29: INFO: CUSTOM THEME DISABLED
2026/04/18 05:55:30 logger.go:29: INFO: CUSTOM THEME DISABLED
2026/04/18 05:55:54 logger.go:29: INFO: CUSTOM THEME DISABLED
2026/04/18 05:56:58 logger.go:29: INFO: CUSTOM THEME DISABLED
2026/04/18 06:00:25 logger.go:29: INFO: CUSTOM THEME DISABLED
2026/04/18 06:00:30 logger.go:29: INFO: CUSTOM THEME DISABLED
2026/04/18 06:00:35 logger.go:29: INFO: CUSTOM THEME DISABLED
2026/04/18 06:00:40 logger.go:29: INFO: CUSTOM THEME DISABLED
2026/04/18 07:10:25 logger.go:29: INFO: Killing pid 78341, cmd clipse
2026/04/18 08:51:13 logger.go:37: WARN: Failed to get active window on Wayland: no suitable tool found (Hyprctl, Wlrctl)
2026/04/18 08:51:13 logger.go:37: WARN: Failed to get active window on Wayland: no suitable tool found (Hyprctl, Wlrctl)
2026/04/18 21:06:00 logger.go:37: WARN: Failed to get active window on Wayland: no suitable tool found (Hyprctl, Wlrctl)
2026/04/18 21:06:00 logger.go:37: WARN: Failed to get active window on Wayland: no suitable tool found (Hyprctl, Wlrctl)
2026/04/18 21:39:46 logger.go:37: WARN: Failed to get active window on Wayland: no suitable tool found (Hyprctl, Wlrctl)
2026/04/18 21:39:46 logger.go:37: WARN: Failed to get active window on Wayland: no suitable tool found (Hyprctl, Wlrctl)
2026/04/18 23:08:30 logger.go:37: WARN: Failed to get active window on Wayland: no suitable tool found (Hyprctl, Wlrctl)
2026/04/18 23:08:30 logger.go:37: WARN: Failed to get active window on Wayland: no suitable tool found (Hyprctl, Wlrctl)
2026/04/19 00:52:29 logger.go:37: WARN: Failed to get active window on Wayland: no suitable tool found (Hyprctl, Wlrctl)
2026/04/19 00:52:29 logger.go:37: WARN: Failed to get active window on Wayland: no suitable tool found (Hyprctl, Wlrctl)
2026/04/19 16:10:25 logger.go:37: WARN: Failed to get active window on Wayland: no suitable tool found (Hyprctl, Wlrctl)
2026/04/19 16:10:25 logger.go:37: WARN: Failed to get active window on Wayland: no suitable tool found (Hyprctl, Wlrctl)
2026/04/19 21:55:53 logger.go:37: WARN: Failed to get active window on Wayland: no suitable tool found (Hyprctl, Wlrctl)
2026/04/19 21:55:53 logger.go:37: WARN: Failed to get active window on Wayland: no suitable tool found (Hyprctl, Wlrctl)
2026/04/20 00:33:40 logger.go:37: WARN: Failed to get active window on Wayland: no suitable tool found (Hyprctl, Wlrctl)
2026/04/20 00:33:40 logger.go:37: WARN: Failed to get active window on Wayland: no suitable tool found (Hyprctl, Wlrctl)
2026/04/20 17:40:25 logger.go:37: WARN: Failed to get active window on Wayland: no suitable tool found (Hyprctl, Wlrctl)
2026/04/20 17:40:25 logger.go:37: WARN: Failed to get active window on Wayland: no suitable tool found (Hyprctl, Wlrctl)
2026/04/20 21:56:33 logger.go:37: WARN: Failed to get active window on Wayland: no suitable tool found (Hyprctl, Wlrctl)
2026/04/20 21:56:33 logger.go:37: WARN: Failed to get active window on Wayland: no suitable tool found (Hyprctl, Wlrctl)
2026/04/21 14:38:33 logger.go:37: WARN: Failed to get active window on Wayland: no suitable tool found (Hyprctl, Wlrctl)
2026/04/21 14:38:33 logger.go:37: WARN: Failed to get active window on Wayland: no suitable tool found (Hyprctl, Wlrctl)
2026/04/21 18:58:54 logger.go:37: WARN: Failed to get active window on Wayland: no suitable tool found (Hyprctl, Wlrctl)
2026/04/21 18:58:54 logger.go:37: WARN: Failed to get active window on Wayland: no suitable tool found (Hyprctl, Wlrctl)
2026/04/21 19:45:07 logger.go:37: WARN: Failed to get active window on Wayland: no suitable tool found (Hyprctl, Wlrctl)
2026/04/21 19:45:07 logger.go:37: WARN: Failed to get active window on Wayland: no suitable tool found (Hyprctl, Wlrctl)
2026/04/22 02:04:19 logger.go:37: WARN: Failed to get active window on Wayland: no suitable tool found (Hyprctl, Wlrctl)
2026/04/22 02:04:19 logger.go:37: WARN: Failed to get active window on Wayland: no suitable tool found (Hyprctl, Wlrctl)
2026/04/22 12:31:28 logger.go:37: WARN: Failed to get active window on Wayland: no suitable tool found (Hyprctl, Wlrctl)
2026/04/22 12:31:28 logger.go:37: WARN: Failed to get active window on Wayland: no suitable tool found (Hyprctl, Wlrctl)
2026/04/22 18:57:53 logger.go:37: WARN: Failed to get active window on Wayland: no suitable tool found (Hyprctl, Wlrctl)
2026/04/22 18:57:53 logger.go:37: WARN: Failed to get active window on Wayland: no suitable tool found (Hyprctl, Wlrctl)
2026/04/22 20:34:05 logger.go:37: WARN: Failed to get active window on Wayland: no suitable tool found (Hyprctl, Wlrctl)
2026/04/22 20:34:05 logger.go:37: WARN: Failed to get active window on Wayland: no suitable tool found (Hyprctl, Wlrctl)
2026/04/23 02:23:48 logger.go:37: WARN: Failed to get active window on Wayland: no suitable tool found (Hyprctl, Wlrctl)
2026/04/23 02:23:48 logger.go:37: WARN: Failed to get active window on Wayland: no suitable tool found (Hyprctl, Wlrctl)
2026/04/23 14:41:48 logger.go:37: WARN: Failed to get active window on Wayland: no suitable tool found (Hyprctl, Wlrctl)
2026/04/23 14:41:48 logger.go:37: WARN: Failed to get active window on Wayland: no suitable tool found (Hyprctl, Wlrctl)
2026/04/23 21:40:14 logger.go:37: WARN: Failed to get active window on Wayland: no suitable tool found (Hyprctl, Wlrctl)
2026/04/23 21:40:14 logger.go:37: WARN: Failed to get active window on Wayland: no suitable tool found (Hyprctl, Wlrctl)
2026/04/23 21:42:57 logger.go:37: WARN: Failed to get active window on Wayland: no suitable tool found (Hyprctl, Wlrctl)
2026/04/23 21:42:57 logger.go:37: WARN: Failed to get active window on Wayland: no suitable tool found (Hyprctl, Wlrctl)
2026/04/23 22:14:47 logger.go:37: WARN: Failed to get active window on Wayland: no suitable tool found (Hyprctl, Wlrctl)
2026/04/23 22:14:47 logger.go:37: WARN: Failed to get active window on Wayland: no suitable tool found (Hyprctl, Wlrctl)
2026/04/26 17:17:16 logger.go:37: WARN: Failed to get active window on Wayland: no suitable tool found (Hyprctl, Wlrctl)
2026/04/26 17:17:16 logger.go:37: WARN: Failed to get active window on Wayland: no suitable tool found (Hyprctl, Wlrctl)
2026/04/26 21:44:19 logger.go:37: WARN: Failed to get active window on Wayland: no suitable tool found (Hyprctl, Wlrctl)
2026/04/26 21:44:19 logger.go:37: WARN: Failed to get active window on Wayland: no suitable tool found (Hyprctl, Wlrctl)
2026/04/27 16:50:26 logger.go:37: WARN: Failed to get active window on Wayland: no suitable tool found (Hyprctl, Wlrctl)
2026/04/27 16:50:26 logger.go:37: WARN: Failed to get active window on Wayland: no suitable tool found (Hyprctl, Wlrctl)
2026/05/01 20:26:05 logger.go:37: WARN: Failed to get active window on Wayland: no suitable tool found (Hyprctl, Wlrctl)
2026/05/01 20:26:05 logger.go:37: WARN: Failed to get active window on Wayland: no suitable tool found (Hyprctl, Wlrctl)
2026/05/02 11:20:41 logger.go:37: WARN: Failed to get active window on Wayland: no suitable tool found (Hyprctl, Wlrctl)
2026/05/02 11:20:41 logger.go:37: WARN: Failed to get active window on Wayland: no suitable tool found (Hyprctl, Wlrctl)
2026/05/02 19:44:35 logger.go:37: WARN: Failed to get active window on Wayland: no suitable tool found (Hyprctl, Wlrctl)
2026/05/02 19:44:35 logger.go:37: WARN: Failed to get active window on Wayland: no suitable tool found (Hyprctl, Wlrctl)
2026/05/02 19:56:07 logger.go:37: WARN: Failed to get active window on Wayland: no suitable tool found (Hyprctl, Wlrctl)
2026/05/02 19:56:07 logger.go:37: WARN: Failed to get active window on Wayland: no suitable tool found (Hyprctl, Wlrctl)
2026/05/02 19:56:54 logger.go:37: WARN: Failed to get active window on Wayland: no suitable tool found (Hyprctl, Wlrctl)
2026/05/02 19:56:54 logger.go:37: WARN: Failed to get active window on Wayland: no suitable tool found (Hyprctl, Wlrctl)
2026/05/02 20:21:22 logger.go:37: WARN: Failed to get active window on Wayland: no suitable tool found (Hyprctl, Wlrctl)
2026/05/02 20:21:22 logger.go:37: WARN: Failed to get active window on Wayland: no suitable tool found (Hyprctl, Wlrctl)
2026/05/02 20:41:15 logger.go:37: WARN: Failed to get active window on Wayland: no suitable tool found (Hyprctl, Wlrctl)
2026/05/02 20:41:15 logger.go:37: WARN: Failed to get active window on Wayland: no suitable tool found (Hyprctl, Wlrctl)
2026/05/02 21:17:05 logger.go:37: WARN: Failed to get active window on Wayland: no suitable tool found (Hyprctl, Wlrctl)
2026/05/02 21:17:05 logger.go:37: WARN: Failed to get active window on Wayland: no suitable tool found (Hyprctl, Wlrctl)
2026/05/02 22:08:18 logger.go:37: WARN: Failed to get active window on Wayland: no suitable tool found (Hyprctl, Wlrctl)
2026/05/02 22:08:18 logger.go:37: WARN: Failed to get active window on Wayland: no suitable tool found (Hyprctl, Wlrctl)
2026/05/05 23:05:55 logger.go:37: WARN: Failed to get active window on Wayland: no suitable tool found (Hyprctl, Wlrctl)
2026/05/05 23:05:55 logger.go:37: WARN: Failed to get active window on Wayland: no suitable tool found (Hyprctl, Wlrctl)
2026/05/15 07:22:28 logger.go:37: WARN: Failed to get active window on Wayland: no suitable tool found (Hyprctl, Wlrctl)
2026/05/15 07:22:28 logger.go:37: WARN: Failed to get active window on Wayland: no suitable tool found (Hyprctl, Wlrctl)
